juvenile:
nectar:
gold: (7,3) (6,2) (5,1) (4,0)
 





R[0,0]	A[1,0]	T	C	E	N	T	J[7,0]
O[0,1]	O	Z	K	E	E	U	Z
B[0,2]	M	R	K	D	V	G	Q
D	L	E	P	E[]	A	R	D
D	Y	P	N	L	J	S	D
L	L	I	B	D	S[]	O	G
W	L	O	T	Y	X	Y	S
E[0,7]	N	C	G	V	A	I	V[7,7]





